Archive member included to satisfy reference by file (symbol)

/opt/riscv/lib/gcc/riscv32-unknown-elf/12.1.0/libgcc.a(muldi3.o)
                              counter_la_all.elf-matmul.o (__mulsi3)

Memory Configuration

Name             Origin             Length             Attributes
vexriscv_debug   0x00000000f00f0000 0x0000000000000100
dff              0x0000000000000000 0x0000000000000400
dff2             0x0000000000000400 0x0000000000000200
flash            0x0000000010000000 0x0000000001000000
mprj             0x0000000030000000 0x0000000000100000
mprjram          0x0000000038000000 0x0000000000400000
hk               0x0000000026000000 0x0000000000100000
csr              0x00000000f0000000 0x0000000000010000
*default*        0x0000000000000000 0xffffffffffffffff

Linker script and memory map

                0x0000000000000000                __DYNAMIC = 0x0

.text           0x0000000010000000      0xacc
                0x0000000010000000                _ftext = .
 *crt0*(.text)
 .text          0x0000000010000000      0x148 counter_la_all.elf-crt0_vex.o
                0x0000000010000000                _start
                0x0000000010000020                trap_entry
 *crt0*(.text)
 *(.text.isr)
                0x0000000010000148                _etext = .
 .text          0x0000000010000148      0x15c counter_la_all.elf-isr.o
                0x0000000010000238                isr
 .text          0x00000000100002a4        0x0 counter_la_all.elf-matmul.o
 .text          0x00000000100002a4        0x0 counter_la_all.elf-qsort.o
 .text          0x00000000100002a4        0x0 counter_la_all.elf-fir.o
 .text          0x00000000100002a4       0x38 counter_la_all.elf-uart.o
 .text          0x00000000100002dc      0x7f0 counter_la_all.elf-counter_la_all.o
                0x00000000100003cc                main

.mprj           0x0000000010000acc      0x1ec
 .mprj          0x0000000010000acc      0x1ec counter_la_all.elf-uart.o
                0x0000000010000acc                uart_write
                0x0000000010000b14                uart_write_char
                0x0000000010000b7c                uart_write_string
                0x0000000010000bd0                uart_read_char
                0x0000000010000c44                uart_read

.rodata         0x0000000010000cb8        0x0
                0x0000000010000cb8                . = ALIGN (0x8)
 *fill*         0x0000000010000cb8        0x0 
                0x0000000010000cb8                _frodata = .
 *(.rodata .rodata.* .gnu.linkonce.r.*)
 *(.rodata1)
                0x0000000010000cb8                . = ALIGN (0x8)
                0x0000000010000cb8                _erodata = .

.data           0x0000000000000000      0x108 load address 0x0000000010000cb8
                0x0000000000000000                . = ALIGN (0x8)
                0x0000000000000000                _fdata = .
 *(.data .data.* .gnu.linkonce.d.*)
 .data          0x0000000000000000        0x0 counter_la_all.elf-crt0_vex.o
 .data          0x0000000000000000        0x0 counter_la_all.elf-isr.o
 .data          0x0000000000000000       0x80 counter_la_all.elf-matmul.o
                0x0000000000000000                A
                0x0000000000000040                B
 .data          0x0000000000000080       0x28 counter_la_all.elf-qsort.o
                0x0000000000000080                array
 .data          0x00000000000000a8       0x58 counter_la_all.elf-fir.o
                0x00000000000000a8                taps
                0x00000000000000d4                inputsignal
 .data          0x0000000000000100        0x0 counter_la_all.elf-uart.o
 .data          0x0000000000000100        0x0 counter_la_all.elf-counter_la_all.o
 .data          0x0000000000000100        0x0 /opt/riscv/lib/gcc/riscv32-unknown-elf/12.1.0/libgcc.a(muldi3.o)
 *(.data1)
                0x0000000000000100                _gp = ALIGN (0x10)
 *(.sdata .sdata.* .gnu.linkonce.s.*)
 .sdata         0x0000000000000100        0x4 counter_la_all.elf-isr.o
                0x0000000000000100                counter
                0x0000000000000108                . = ALIGN (0x8)
 *fill*         0x0000000000000104        0x4 
                0x0000000000000108                _edata = .

.bss            0x0000000000000108       0x98 load address 0x0000000010000dc0
                0x0000000000000108                . = ALIGN (0x8)
                0x0000000000000108                _fbss = .
 *(.dynsbss)
 *(.sbss .sbss.* .gnu.linkonce.sb.*)
 *(.scommon)
 *(.dynbss)
 *(.bss .bss.* .gnu.linkonce.b.*)
 .bss           0x0000000000000108        0x0 counter_la_all.elf-crt0_vex.o
 .bss           0x0000000000000108        0x0 counter_la_all.elf-isr.o
 .bss           0x0000000000000108       0x40 counter_la_all.elf-matmul.o
                0x0000000000000108                result
 .bss           0x0000000000000148        0x0 counter_la_all.elf-qsort.o
 .bss           0x0000000000000148       0x58 counter_la_all.elf-fir.o
                0x0000000000000148                inputbuffer
                0x0000000000000174                outputsignal
 .bss           0x00000000000001a0        0x0 counter_la_all.elf-uart.o
 .bss           0x00000000000001a0        0x0 counter_la_all.elf-counter_la_all.o
 .bss           0x00000000000001a0        0x0 /opt/riscv/lib/gcc/riscv32-unknown-elf/12.1.0/libgcc.a(muldi3.o)
 *(COMMON)
                0x00000000000001a0                . = ALIGN (0x8)
                0x00000000000001a0                _ebss = .
                0x00000000000001a0                _end = .

.mprjram        0x0000000038000000      0x550 load address 0x0000000010000dc0
                0x0000000038000000                . = ALIGN (0x8)
                0x0000000038000000                _fsram = .
 *libgcc.a:*(.text .text.*)
 .text          0x0000000038000000       0x24 /opt/riscv/lib/gcc/riscv32-unknown-elf/12.1.0/libgcc.a(muldi3.o)
                0x0000000038000000                __mulsi3
 .mprjram       0x0000000038000024      0x118 counter_la_all.elf-matmul.o
                0x0000000038000024                matmul
 .mprjram       0x000000003800013c      0x228 counter_la_all.elf-qsort.o
                0x000000003800013c                partition
                0x00000000380002c0                sort
                0x0000000038000330                qsort
 .mprjram       0x0000000038000364      0x1ec counter_la_all.elf-fir.o
                0x0000000038000364                initfir
                0x00000000380003cc                firfilter
                0x00000000380004d0                fir
                0x0000000000000600                PROVIDE (_fstack = (ORIGIN (dff2) + LENGTH (dff2)))
                0x0000000010000cb8                PROVIDE (_fdata_rom = LOADADDR (.data))
                [!provide]                        PROVIDE (_edata_rom = (LOADADDR (.data) + SIZEOF (.data)))
                0x0000000038000550                PROVIDE (_esram = (ORIGIN (mprjram) + SIZEOF (.mprjram)))
                0x0000000010000dc0                PROVIDE (_esram_rom = LOADADDR (.mprjram))
LOAD counter_la_all.elf-crt0_vex.o
LOAD counter_la_all.elf-isr.o
LOAD counter_la_all.elf-matmul.o
LOAD counter_la_all.elf-qsort.o
LOAD counter_la_all.elf-fir.o
LOAD counter_la_all.elf-uart.o
LOAD counter_la_all.elf-counter_la_all.o
LOAD /opt/riscv/lib/gcc/riscv32-unknown-elf/12.1.0/libgcc.a
START GROUP
LOAD /opt/riscv/lib/gcc/riscv32-unknown-elf/12.1.0/../../../../riscv32-unknown-elf/lib/libc.a
LOAD /opt/riscv/lib/gcc/riscv32-unknown-elf/12.1.0/../../../../riscv32-unknown-elf/lib/libgloss.a
END GROUP
LOAD /opt/riscv/lib/gcc/riscv32-unknown-elf/12.1.0/libgcc.a
OUTPUT(counter_la_all.elf elf32-littleriscv)

.rela.dyn       0x0000000038000550        0x0 load address 0x0000000010001310
 .rela.text     0x0000000038000550        0x0 counter_la_all.elf-crt0_vex.o

.riscv.attributes
                0x0000000000000000       0x20
 .riscv.attributes
                0x0000000000000000       0x1e counter_la_all.elf-crt0_vex.o
 .riscv.attributes
                0x000000000000001e       0x20 counter_la_all.elf-isr.o
 .riscv.attributes
                0x000000000000003e       0x1c counter_la_all.elf-matmul.o
 .riscv.attributes
                0x000000000000005a       0x1c counter_la_all.elf-qsort.o
 .riscv.attributes
                0x0000000000000076       0x1c counter_la_all.elf-fir.o
 .riscv.attributes
                0x0000000000000092       0x1c counter_la_all.elf-uart.o
 .riscv.attributes
                0x00000000000000ae       0x20 counter_la_all.elf-counter_la_all.o
 .riscv.attributes
                0x00000000000000ce       0x1a /opt/riscv/lib/gcc/riscv32-unknown-elf/12.1.0/libgcc.a(muldi3.o)

.comment        0x0000000000000000       0x1b
 .comment       0x0000000000000000       0x1b counter_la_all.elf-isr.o
                                         0x1c (size before relaxing)
 .comment       0x000000000000001b       0x1c counter_la_all.elf-matmul.o
 .comment       0x000000000000001b       0x1c counter_la_all.elf-qsort.o
 .comment       0x000000000000001b       0x1c counter_la_all.elf-fir.o
 .comment       0x000000000000001b       0x1c counter_la_all.elf-uart.o
 .comment       0x000000000000001b       0x1c counter_la_all.elf-counter_la_all.o

.debug_line     0x0000000000000000     0x139b
 .debug_line    0x0000000000000000      0x20a counter_la_all.elf-crt0_vex.o
 .debug_line    0x000000000000020a      0x151 counter_la_all.elf-isr.o
 .debug_line    0x000000000000035b      0x16f counter_la_all.elf-matmul.o
 .debug_line    0x00000000000004ca      0x165 counter_la_all.elf-qsort.o
 .debug_line    0x000000000000062f      0x1ef counter_la_all.elf-fir.o
 .debug_line    0x000000000000081e      0x25e counter_la_all.elf-uart.o
 .debug_line    0x0000000000000a7c      0x8a5 counter_la_all.elf-counter_la_all.o
 .debug_line    0x0000000000001321       0x7a /opt/riscv/lib/gcc/riscv32-unknown-elf/12.1.0/libgcc.a(muldi3.o)

.debug_line_str
                0x0000000000000000      0x1b5
 .debug_line_str
                0x0000000000000000       0x4f counter_la_all.elf-crt0_vex.o
 .debug_line_str
                0x000000000000004f       0x8c counter_la_all.elf-isr.o
                                        0x111 (size before relaxing)
 .debug_line_str
                0x00000000000000db       0x12 counter_la_all.elf-matmul.o
                                         0x8e (size before relaxing)
 .debug_line_str
                0x00000000000000ed       0x10 counter_la_all.elf-qsort.o
                                         0x8a (size before relaxing)
 .debug_line_str
                0x00000000000000fd        0xc counter_la_all.elf-fir.o
                                         0x82 (size before relaxing)
 .debug_line_str
                0x0000000000000109        0x7 counter_la_all.elf-uart.o
                                         0xda (size before relaxing)
 .debug_line_str
                0x0000000000000110       0x11 counter_la_all.elf-counter_la_all.o
                                        0x123 (size before relaxing)
 .debug_line_str
                0x0000000000000121       0x94 /opt/riscv/lib/gcc/riscv32-unknown-elf/12.1.0/libgcc.a(muldi3.o)

.debug_info     0x0000000000000000      0x8aa
 .debug_info    0x0000000000000000       0x25 counter_la_all.elf-crt0_vex.o
 .debug_info    0x0000000000000025      0x1a3 counter_la_all.elf-isr.o
 .debug_info    0x00000000000001c8       0xdc counter_la_all.elf-matmul.o
 .debug_info    0x00000000000002a4      0x11f counter_la_all.elf-qsort.o
 .debug_info    0x00000000000003c3      0x17b counter_la_all.elf-fir.o
 .debug_info    0x000000000000053e      0x18c counter_la_all.elf-uart.o
 .debug_info    0x00000000000006ca      0x1b1 counter_la_all.elf-counter_la_all.o
 .debug_info    0x000000000000087b       0x2f /opt/riscv/lib/gcc/riscv32-unknown-elf/12.1.0/libgcc.a(muldi3.o)

.debug_abbrev   0x0000000000000000      0x625
 .debug_abbrev  0x0000000000000000       0x14 counter_la_all.elf-crt0_vex.o
 .debug_abbrev  0x0000000000000014      0x131 counter_la_all.elf-isr.o
 .debug_abbrev  0x0000000000000145       0xbb counter_la_all.elf-matmul.o
 .debug_abbrev  0x0000000000000200       0xe7 counter_la_all.elf-qsort.o
 .debug_abbrev  0x00000000000002e7       0xf2 counter_la_all.elf-fir.o
 .debug_abbrev  0x00000000000003d9       0xe3 counter_la_all.elf-uart.o
 .debug_abbrev  0x00000000000004bc      0x148 counter_la_all.elf-counter_la_all.o
 .debug_abbrev  0x0000000000000604       0x21 /opt/riscv/lib/gcc/riscv32-unknown-elf/12.1.0/libgcc.a(muldi3.o)

.debug_aranges  0x0000000000000000      0x148
 .debug_aranges
                0x0000000000000000       0x20 counter_la_all.elf-crt0_vex.o
 .debug_aranges
                0x0000000000000020       0x20 counter_la_all.elf-isr.o
 .debug_aranges
                0x0000000000000040       0x20 counter_la_all.elf-matmul.o
 .debug_aranges
                0x0000000000000060       0x30 counter_la_all.elf-qsort.o
 .debug_aranges
                0x0000000000000090       0x30 counter_la_all.elf-fir.o
 .debug_aranges
                0x00000000000000c0       0x48 counter_la_all.elf-uart.o
 .debug_aranges
                0x0000000000000108       0x20 counter_la_all.elf-counter_la_all.o
 .debug_aranges
                0x0000000000000128       0x20 /opt/riscv/lib/gcc/riscv32-unknown-elf/12.1.0/libgcc.a(muldi3.o)

.debug_str      0x0000000000000000      0x320
 .debug_str     0x0000000000000000       0x5b counter_la_all.elf-crt0_vex.o
 .debug_str     0x000000000000005b      0x139 counter_la_all.elf-isr.o
                                        0x17a (size before relaxing)
 .debug_str     0x0000000000000194        0xd counter_la_all.elf-matmul.o
                                         0x78 (size before relaxing)
 .debug_str     0x00000000000001a1       0x21 counter_la_all.elf-qsort.o
                                         0x8a (size before relaxing)
 .debug_str     0x00000000000001c2       0x5f counter_la_all.elf-fir.o
                                         0xc3 (size before relaxing)
 .debug_str     0x0000000000000221       0x31 counter_la_all.elf-uart.o
                                        0x151 (size before relaxing)
 .debug_str     0x0000000000000252       0x31 counter_la_all.elf-counter_la_all.o
                                        0x166 (size before relaxing)
 .debug_str     0x0000000000000283       0x9d /opt/riscv/lib/gcc/riscv32-unknown-elf/12.1.0/libgcc.a(muldi3.o)
                                         0xa9 (size before relaxing)

.debug_frame    0x0000000000000000      0x47c
 .debug_frame   0x0000000000000000      0x118 counter_la_all.elf-isr.o
 .debug_frame   0x0000000000000118       0x38 counter_la_all.elf-matmul.o
 .debug_frame   0x0000000000000150       0x84 counter_la_all.elf-qsort.o
 .debug_frame   0x00000000000001d4       0x80 counter_la_all.elf-fir.o
 .debug_frame   0x0000000000000254      0x114 counter_la_all.elf-uart.o
 .debug_frame   0x0000000000000368      0x114 counter_la_all.elf-counter_la_all.o

.debug_rnglists
                0x0000000000000000       0xa9
 .debug_rnglists
                0x0000000000000000       0x16 counter_la_all.elf-matmul.o
 .debug_rnglists
                0x0000000000000016       0x28 counter_la_all.elf-qsort.o
 .debug_rnglists
                0x000000000000003e       0x28 counter_la_all.elf-fir.o
 .debug_rnglists
                0x0000000000000066       0x43 counter_la_all.elf-uart.o
